================================================================================
P-SEARCH MOBIL - INTEGRÁCIÓS ÉS VERIFIKÁCIÓS STATUS LOG
Dátum: 2026-08-11 10:25:50 CEST
================================================================================

1. INTEGRÁCIÓS COMMIT HASH:
   abc3cf4ec379ecc1ca4e6813a5482c3eb52af48a (short: abc3cf4)

2. BEOLVASZTOTT JULES ÁGAK (8 TÁVOLI ÁG):
   - origin/chore/use-native-alert-in-action-plan-screen-5894015347022519069
   - origin/code-health/replace-alert-actionplanscreen-13835959647325985399
   - origin/jules-1348980329208216902-532aff20
   - origin/jules-15361184064750103627-6bdeffd1
   - origin/jules-3278009109010611225-c6053e6c
   - origin/jules-4784590401509994513-a11a121e
   - origin/jules-7951389918277281722-72241fc5
   - origin/jules-8160826500190169492-34786392

3. VERIFIKÁCIÓS EREDMÉNYEK:
   - Függőségfrissítés (npm install --legacy-peer-deps): SIKERES
   - Típusellenőrzés (npx tsc --noEmit): SIKERES (0 hiba)
   - Egységtesztek (npx jest): 20/20 tesztcsomag, 127/127 teszt PASSED (100% zöld)

4. CONDUCTOR NOTES:
   - Csatolva refs/notes/commits alatt
   - Commit & Note pusholva GitHub origin/master és origin/refs/notes/* ágakra.
================================================================================