// Jest Snapshot v1, https://goo.gl/fbAQLP

exports[`PaywallFeatures renders correctly 1`] = `
<View
  mode="outlined"
  style={
    {
      "backgroundColor": "#ffffff",
      "borderColor": "#E3F2FD",
      "borderRadius": 16,
      "borderWidth": 1.5,
      "elevation": 0,
      "marginBottom": 24,
      "width": "100%",
    }
  }
>
  <View>
    <View
      data-testID="list-item"
      description="A Gemini AI személyre szabott felkészülési tervet és dokumentum-vázlatot készít a kiválasztott pályázathoz, PDF-ben letölthetően."
      descriptionNumberOfLines={8}
      descriptionStyle={
        {
          "color": "#757575",
          "fontSize": 13,
          "marginTop": 2,
        }
      }
      title="✍️ Copilot akcióterv és pályázati dokumentum"
      titleNumberOfLines={2}
      titleStyle={
        {
          "color": "#1565C0",
          "fontSize": 16,
          "fontWeight": "bold",
        }
      }
    />
    <View
      data-testID="list-item"
      description="Nincs napi keresési korlát."
      descriptionNumberOfLines={8}
      descriptionStyle={
        {
          "color": "#757575",
          "fontSize": 13,
          "marginTop": 2,
        }
      }
      title="🔎 Korlátlan AI keresés"
      titleNumberOfLines={2}
      titleStyle={
        {
          "color": "#1565C0",
          "fontSize": 16,
          "fontWeight": "bold",
        }
      }
    />
    <View
      data-testID="list-item"
      description="Tiszta, reklám nélküli felület."
      descriptionNumberOfLines={8}
      descriptionStyle={
        {
          "color": "#757575",
          "fontSize": 13,
          "marginTop": 2,
        }
      }
      title="🚫 Hirdetésmentesség"
      titleNumberOfLines={2}
      titleStyle={
        {
          "color": "#1565C0",
          "fontSize": 16,
          "fontWeight": "bold",
        }
      }
    />
  </View>
</View>
`;
